
[1m[30m[46m RUN [49m[39m[22m [36mv4.1.4 [39m[90mD:/1ATECH_LAB/Skiller/eduhub-exams[39m

 [31mΓ¥»[39m src/modules/faqs/presentation/components/__tests__/faqsEdit.test.ts [2m([22m[2m0 test[22m[2m)[22m
 [31mΓ¥»[39m src/modules/faqs/presentation/components/__tests__/faqsIndex.test.ts [2m([22m[2m0 test[22m[2m)[22m
 [32mΓ£ô[39m src/modules/faqs/core/utils/country.validation.spec.ts [2m([22m[2m9 tests[22m[2m)[22m[32m 16[2mms[22m[39m
 [32mΓ£ô[39m src/modules/faqs/data/api/country.api-service.spec.ts [2m([22m[2m5 tests[22m[2m)[22m[32m 15[2mms[22m[39m
 [32mΓ£ô[39m src/modules/faqs/data/api/faqs.api-service.spec.ts [2m([22m[2m5 tests[22m[2m)[22m[32m 16[2mms[22m[39m
 [32mΓ£ô[39m src/modules/faqs/presentation/components/__tests__/faqsForm.test.ts [2m([22m[2m1 test[22m[2m)[22m[32m 88[2mms[22m[39m
 [32mΓ£ô[39m src/modules/faqs/presentation/components/__tests__/faqsAdd.test.ts [2m([22m[2m3 tests[22m[2m)[22m[32m 121[2mms[22m[39m
 [32mΓ£ô[39m src/modules/faqs/core/params/__tests__/faqs.params.spec.ts [2m([22m[2m4 tests[22m[2m)[22m[32m 12[2mms[22m[39m
 [32mΓ£ô[39m src/modules/faqs/data/repositories/faqs.repository.spec.ts [2m([22m[2m1 test[22m[2m)[22m[32m 13[2mms[22m[39m
 [32mΓ£ô[39m src/modules/faqs/presentation/controllers/faqs.controller.spec.ts [2m([22m[2m2 tests[22m[2m)[22m[32m 8[2mms[22m[39m
 [32mΓ£ô[39m src/modules/faqs/core/models/faqs.model.spec.ts [2m([22m[2m3 tests[22m[2m)[22m[32m 8[2mms[22m[39m
 [32mΓ£ô[39m src/modules/faqs/data/repositories/country.repository.spec.ts [2m([22m[2m1 test[22m[2m)[22m[32m 8[2mms[22m[39m
npx : 
At line:1 char:1
+ npx vitest run src/modules/faqs > test_output.txt 2>&1
+ ~~~~~~~~~~~~~~~~~~~~~~~~~~~~~~~~~~~~~~~~~~~~~~~~~~~~~~
    + CategoryInfo          : NotSpecified: (:String) [], RemoteException
    + FullyQualifiedErrorId : NativeCommandError
 
[31mΓÄ»ΓÄ»ΓÄ»ΓÄ»ΓÄ»ΓÄ»[39m[1m[41m Failed Suites 2 [49m[22m[31mΓÄ»ΓÄ»ΓÄ»ΓÄ»ΓÄ»ΓÄ»ΓÄ»[39m

[41m[1m FAIL [22m[49m src/modules/faqs/presentation/components/__tests__/faqsEdit.test.ts[2m [ 
src/modules/faqs/presentation/components/__tests__/faqsEdit.test.ts ][22m
[31m[1mError[22m: Failed to resolve import "../../core/models/faqs.model" from 
"src/modules/faqs/presentation/components/__tests__/faqsEdit.test.ts". Does the file exist?[39m
  Plugin: [35mvite:import-analysis[39m
  File: 
[36mD:/1ATECH_LAB/Skiller/eduhub-exams/src/modules/faqs/presentation/components/__tests__/faqsEdit.test.ts[39m:7:0
[33m  20 |  const __vi_import_3__ = await import("../../controllers/faqs.controller");
  21 |  const __vi_import_4__ = await import("@/base/Core/NetworkStructure/Resources/dataState/dataState");
  22 |  const __vi_import_5__ = await import("../../core/models/faqs.model");
     |                                       ^
  23 |  import { describe, it, expect, vi, beforeEach } from "vitest";
  24 |  [39m
[90m [2mΓ¥»[22m TransformPluginContext._formatLog node_modules/vite/dist/node/chunks/node.js:[2m30354:39[22m[39m
[90m [2mΓ¥»[22m TransformPluginContext.error node_modules/vite/dist/node/chunks/node.js:[2m30351:14[22m[39m
[90m [2mΓ¥»[22m normalizeUrl node_modules/vite/dist/node/chunks/node.js:[2m27633:18[22m[39m
[90m [2mΓ¥»[22m node_modules/vite/dist/node/chunks/node.js:[2m27696:30[22m[39m
[90m [2mΓ¥»[22m TransformPluginContext.transform node_modules/vite/dist/node/chunks/node.js:[2m27664:4[22m[39m
[90m [2mΓ¥»[22m EnvironmentPluginContainer.transform 
node_modules/vite/dist/node/chunks/node.js:[2m30143:14[22m[39m
[90m [2mΓ¥»[22m loadAndTransform node_modules/vite/dist/node/chunks/node.js:[2m24468:26[22m[39m

[31m[2mΓÄ»ΓÄ»ΓÄ»ΓÄ»ΓÄ»ΓÄ»ΓÄ»ΓÄ»ΓÄ»ΓÄ»ΓÄ»ΓÄ»ΓÄ»ΓÄ»ΓÄ»ΓÄ»ΓÄ»ΓÄ»ΓÄ»ΓÄ»ΓÄ»ΓÄ»ΓÄ»ΓÄ»[1/2]ΓÄ»[22m[39m

[41m[1m FAIL [22m[49m src/modules/faqs/presentation/components/__tests__/faqsIndex.test.ts[2m [ 
src/modules/faqs/presentation/components/__tests__/faqsIndex.test.ts ][22m
[31m[1mError[22m: Failed to resolve import "../../core/models/faqs.model" from 
"src/modules/faqs/presentation/components/__tests__/faqsIndex.test.ts". Does the file exist?[39m
  Plugin: [35mvite:import-analysis[39m
  File: 
[36mD:/1ATECH_LAB/Skiller/eduhub-exams/src/modules/faqs/presentation/components/__tests__/faqsIndex.test.ts[39m:7:0
[33m  17 |  const __vi_import_3__ = await import("../../controllers/faqs.controller");
  18 |  const __vi_import_4__ = await import("@/base/Core/NetworkStructure/Resources/dataState/dataState");
  19 |  const __vi_import_5__ = await import("../../core/models/faqs.model");
     |                                       ^
  20 |  import { describe, it, expect, vi, beforeEach } from "vitest";
  21 |  [39m
[90m [2mΓ¥»[22m TransformPluginContext._formatLog node_modules/vite/dist/node/chunks/node.js:[2m30354:39[22m[39m
[90m [2mΓ¥»[22m TransformPluginContext.error node_modules/vite/dist/node/chunks/node.js:[2m30351:14[22m[39m
[90m [2mΓ¥»[22m normalizeUrl node_modules/vite/dist/node/chunks/node.js:[2m27633:18[22m[39m
[90m [2mΓ¥»[22m node_modules/vite/dist/node/chunks/node.js:[2m27696:30[22m[39m
[90m [2mΓ¥»[22m TransformPluginContext.transform node_modules/vite/dist/node/chunks/node.js:[2m27664:4[22m[39m
[90m [2mΓ¥»[22m EnvironmentPluginContainer.transform 
node_modules/vite/dist/node/chunks/node.js:[2m30143:14[22m[39m
[90m [2mΓ¥»[22m loadAndTransform node_modules/vite/dist/node/chunks/node.js:[2m24468:26[22m[39m

[31m[2mΓÄ»ΓÄ»ΓÄ»ΓÄ»ΓÄ»ΓÄ»ΓÄ»ΓÄ»ΓÄ»ΓÄ»ΓÄ»ΓÄ»ΓÄ»ΓÄ»ΓÄ»ΓÄ»ΓÄ»ΓÄ»ΓÄ»ΓÄ»ΓÄ»ΓÄ»ΓÄ»ΓÄ»[2/2]ΓÄ»[22m[39m


[2m Test Files [22m [1m[31m2 failed[39m[22m[2m | [22m[1m[32m10 passed[39m[22m[90m (12)[39m
[2m      Tests [22m [1m[32m34 passed[39m[22m[90m (34)[39m
[2m   Start at [22m 18:36:56
[2m   Duration [22m 9.49s[2m (transform 7.09s, setup 859ms, import 15.01s, tests 305ms, environment 29.69s)[22m

